<object-stream>
<org.drools.audit.event.ActivationLogEvent>
  <type>4</type>
  <activationId>Wielkosc [1]</activationId>
  <rule>Wielkosc</rule>
  <declarations>w=com.sample.DroolsTest$Display@185880b(1)</declarations>
</org.drools.audit.event.ActivationLogEvent>
<org.drools.audit.event.ActivationLogEvent>
  <type>4</type>
  <activationId>Wiek [1]</activationId>
  <rule>Wiek</rule>
  <declarations>w=com.sample.DroolsTest$Display@185880b(1)</declarations>
</org.drools.audit.event.ActivationLogEvent>
<org.drools.audit.event.ActivationLogEvent>
  <type>4</type>
  <activationId>Walczy [1]</activationId>
  <rule>Walczy</rule>
  <declarations>w=com.sample.DroolsTest$Display@185880b(1)</declarations>
</org.drools.audit.event.ActivationLogEvent>
<org.drools.audit.event.ActivationLogEvent>
  <type>4</type>
  <activationId>Wszechstronny [1]</activationId>
  <rule>Wszechstronny</rule>
  <declarations>w=com.sample.DroolsTest$Display@185880b(1)</declarations>
</org.drools.audit.event.ActivationLogEvent>
<org.drools.audit.event.ActivationLogEvent>
  <type>4</type>
  <activationId>Zaklecia [1]</activationId>
  <rule>Zaklecia</rule>
  <declarations>w=com.sample.DroolsTest$Display@185880b(1)</declarations>
</org.drools.audit.event.ActivationLogEvent>
<org.drools.audit.event.ActivationLogEvent>
  <type>4</type>
  <activationId>Kolor [1]</activationId>
  <rule>Kolor</rule>
  <declarations>w=com.sample.DroolsTest$Display@185880b(1)</declarations>
</org.drools.audit.event.ActivationLogEvent>
<org.drools.audit.event.ActivationLogEvent>
  <type>4</type>
  <activationId>Siedziba [1]</activationId>
  <rule>Siedziba</rule>
  <declarations>w=com.sample.DroolsTest$Display@185880b(1)</declarations>
</org.drools.audit.event.ActivationLogEvent>
<org.drools.audit.event.ActivationLogEvent>
  <type>4</type>
  <activationId>Pancerz [1]</activationId>
  <rule>Pancerz</rule>
  <declarations>w=com.sample.DroolsTest$Display@185880b(1)</declarations>
</org.drools.audit.event.ActivationLogEvent>
<org.drools.audit.event.ActivationLogEvent>
  <type>4</type>
  <activationId>Wegetarianin [1]</activationId>
  <rule>Wegetarianin</rule>
  <declarations>w=com.sample.DroolsTest$Display@185880b(1)</declarations>
</org.drools.audit.event.ActivationLogEvent>
<org.drools.audit.event.ActivationLogEvent>
  <type>4</type>
  <activationId>Zwierze [1]</activationId>
  <rule>Zwierze</rule>
  <declarations>w=com.sample.DroolsTest$Display@185880b(1)</declarations>
</org.drools.audit.event.ActivationLogEvent>
<org.drools.audit.event.ActivationLogEvent>
  <type>4</type>
  <activationId>Uczciwy [1]</activationId>
  <rule>Uczciwy</rule>
  <declarations>w=com.sample.DroolsTest$Display@185880b(1)</declarations>
</org.drools.audit.event.ActivationLogEvent>
<org.drools.audit.event.ActivationLogEvent>
  <type>4</type>
  <activationId>Piekny [1]</activationId>
  <rule>Piekny</rule>
  <declarations>w=com.sample.DroolsTest$Display@185880b(1)</declarations>
</org.drools.audit.event.ActivationLogEvent>
<org.drools.audit.event.ActivationLogEvent>
  <type>4</type>
  <activationId>Hobby [1]</activationId>
  <rule>Hobby</rule>
  <declarations>w=com.sample.DroolsTest$Display@185880b(1)</declarations>
</org.drools.audit.event.ActivationLogEvent>
<org.drools.audit.event.ActivationLogEvent>
  <type>4</type>
  <activationId>Dobry [1]</activationId>
  <rule>Dobry</rule>
  <declarations>w=com.sample.DroolsTest$Display@185880b(1)</declarations>
</org.drools.audit.event.ActivationLogEvent>
<org.drools.audit.event.ActivationLogEvent>
  <type>4</type>
  <activationId>Szybki [1]</activationId>
  <rule>Szybki</rule>
  <declarations>w=com.sample.DroolsTest$Display@185880b(1)</declarations>
</org.drools.audit.event.ActivationLogEvent>
<org.drools.audit.event.ActivationLogEvent>
  <type>4</type>
  <activationId>Wynalazki [1]</activationId>
  <rule>Wynalazki</rule>
  <declarations>w=com.sample.DroolsTest$Display@185880b(1)</declarations>
</org.drools.audit.event.ActivationLogEvent>
<org.drools.audit.event.ActivationLogEvent>
  <type>4</type>
  <activationId>Czego chcesz [1]</activationId>
  <rule>Czego chcesz</rule>
  <declarations>w=com.sample.DroolsTest$Display@185880b(1)</declarations>
</org.drools.audit.event.ActivationLogEvent>
<org.drools.audit.event.ObjectLogEvent>
  <type>1</type>
  <factId>1</factId>
  <objectToString>com.sample.DroolsTest$Display@185880b</objectToString>
</org.drools.audit.event.ObjectLogEvent>
<org.drools.audit.event.ActivationLogEvent>
  <type>6</type>
  <activationId>Zwierze [1]</activationId>
  <rule>Zwierze</rule>
  <declarations>w=com.sample.DroolsTest$Display@185880b(1)</declarations>
</org.drools.audit.event.ActivationLogEvent>
<org.drools.audit.event.ObjectLogEvent>
  <type>1</type>
  <factId>2</factId>
  <objectToString>com.sample.DroolsTest$Question@1c22d4f</objectToString>
</org.drools.audit.event.ObjectLogEvent>
<org.drools.audit.event.ActivationLogEvent>
  <type>5</type>
  <activationId>Wielkosc [1]</activationId>
  <rule>Wielkosc</rule>
  <declarations>w=com.sample.DroolsTest$Display@185880b(1)</declarations>
</org.drools.audit.event.ActivationLogEvent>
<org.drools.audit.event.ActivationLogEvent>
  <type>5</type>
  <activationId>Wiek [1]</activationId>
  <rule>Wiek</rule>
  <declarations>w=com.sample.DroolsTest$Display@185880b(1)</declarations>
</org.drools.audit.event.ActivationLogEvent>
<org.drools.audit.event.ActivationLogEvent>
  <type>5</type>
  <activationId>Walczy [1]</activationId>
  <rule>Walczy</rule>
  <declarations>w=com.sample.DroolsTest$Display@185880b(1)</declarations>
</org.drools.audit.event.ActivationLogEvent>
<org.drools.audit.event.ActivationLogEvent>
  <type>5</type>
  <activationId>Wszechstronny [1]</activationId>
  <rule>Wszechstronny</rule>
  <declarations>w=com.sample.DroolsTest$Display@185880b(1)</declarations>
</org.drools.audit.event.ActivationLogEvent>
<org.drools.audit.event.ActivationLogEvent>
  <type>5</type>
  <activationId>Zaklecia [1]</activationId>
  <rule>Zaklecia</rule>
  <declarations>w=com.sample.DroolsTest$Display@185880b(1)</declarations>
</org.drools.audit.event.ActivationLogEvent>
<org.drools.audit.event.ActivationLogEvent>
  <type>5</type>
  <activationId>Kolor [1]</activationId>
  <rule>Kolor</rule>
  <declarations>w=com.sample.DroolsTest$Display@185880b(1)</declarations>
</org.drools.audit.event.ActivationLogEvent>
<org.drools.audit.event.ActivationLogEvent>
  <type>5</type>
  <activationId>Siedziba [1]</activationId>
  <rule>Siedziba</rule>
  <declarations>w=com.sample.DroolsTest$Display@185880b(1)</declarations>
</org.drools.audit.event.ActivationLogEvent>
<org.drools.audit.event.ActivationLogEvent>
  <type>5</type>
  <activationId>Pancerz [1]</activationId>
  <rule>Pancerz</rule>
  <declarations>w=com.sample.DroolsTest$Display@185880b(1)</declarations>
</org.drools.audit.event.ActivationLogEvent>
<org.drools.audit.event.ActivationLogEvent>
  <type>5</type>
  <activationId>Wegetarianin [1]</activationId>
  <rule>Wegetarianin</rule>
  <declarations>w=com.sample.DroolsTest$Display@185880b(1)</declarations>
</org.drools.audit.event.ActivationLogEvent>
<org.drools.audit.event.ActivationLogEvent>
  <type>5</type>
  <activationId>Uczciwy [1]</activationId>
  <rule>Uczciwy</rule>
  <declarations>w=com.sample.DroolsTest$Display@185880b(1)</declarations>
</org.drools.audit.event.ActivationLogEvent>
<org.drools.audit.event.ActivationLogEvent>
  <type>5</type>
  <activationId>Piekny [1]</activationId>
  <rule>Piekny</rule>
  <declarations>w=com.sample.DroolsTest$Display@185880b(1)</declarations>
</org.drools.audit.event.ActivationLogEvent>
<org.drools.audit.event.ActivationLogEvent>
  <type>5</type>
  <activationId>Hobby [1]</activationId>
  <rule>Hobby</rule>
  <declarations>w=com.sample.DroolsTest$Display@185880b(1)</declarations>
</org.drools.audit.event.ActivationLogEvent>
<org.drools.audit.event.ActivationLogEvent>
  <type>5</type>
  <activationId>Dobry [1]</activationId>
  <rule>Dobry</rule>
  <declarations>w=com.sample.DroolsTest$Display@185880b(1)</declarations>
</org.drools.audit.event.ActivationLogEvent>
<org.drools.audit.event.ActivationLogEvent>
  <type>5</type>
  <activationId>Szybki [1]</activationId>
  <rule>Szybki</rule>
  <declarations>w=com.sample.DroolsTest$Display@185880b(1)</declarations>
</org.drools.audit.event.ActivationLogEvent>
<org.drools.audit.event.ActivationLogEvent>
  <type>5</type>
  <activationId>Wynalazki [1]</activationId>
  <rule>Wynalazki</rule>
  <declarations>w=com.sample.DroolsTest$Display@185880b(1)</declarations>
</org.drools.audit.event.ActivationLogEvent>
<org.drools.audit.event.ActivationLogEvent>
  <type>5</type>
  <activationId>Czego chcesz [1]</activationId>
  <rule>Czego chcesz</rule>
  <declarations>w=com.sample.DroolsTest$Display@185880b(1)</declarations>
</org.drools.audit.event.ActivationLogEvent>
<org.drools.audit.event.ObjectLogEvent>
  <type>3</type>
  <factId>1</factId>
  <objectToString>com.sample.DroolsTest$Display@185880b</objectToString>
</org.drools.audit.event.ObjectLogEvent>
<org.drools.audit.event.ActivationLogEvent>
  <type>7</type>
  <activationId>Zwierze [-1]</activationId>
  <rule>Zwierze</rule>
  <declarations></declarations>
</org.drools.audit.event.ActivationLogEvent>
<org.drools.audit.event.ActivationLogEvent>
  <type>4</type>
  <activationId>Wielkosc [4]</activationId>
  <rule>Wielkosc</rule>
  <declarations>w=com.sample.DroolsTest$Display@185880b(4)</declarations>
</org.drools.audit.event.ActivationLogEvent>
<org.drools.audit.event.ActivationLogEvent>
  <type>4</type>
  <activationId>Wiek [4]</activationId>
  <rule>Wiek</rule>
  <declarations>w=com.sample.DroolsTest$Display@185880b(4)</declarations>
</org.drools.audit.event.ActivationLogEvent>
<org.drools.audit.event.ActivationLogEvent>
  <type>4</type>
  <activationId>Walczy [4]</activationId>
  <rule>Walczy</rule>
  <declarations>w=com.sample.DroolsTest$Display@185880b(4)</declarations>
</org.drools.audit.event.ActivationLogEvent>
<org.drools.audit.event.ActivationLogEvent>
  <type>4</type>
  <activationId>Wszechstronny [4]</activationId>
  <rule>Wszechstronny</rule>
  <declarations>w=com.sample.DroolsTest$Display@185880b(4)</declarations>
</org.drools.audit.event.ActivationLogEvent>
<org.drools.audit.event.ActivationLogEvent>
  <type>4</type>
  <activationId>Zaklecia [4]</activationId>
  <rule>Zaklecia</rule>
  <declarations>w=com.sample.DroolsTest$Display@185880b(4)</declarations>
</org.drools.audit.event.ActivationLogEvent>
<org.drools.audit.event.ActivationLogEvent>
  <type>4</type>
  <activationId>Kolor [4]</activationId>
  <rule>Kolor</rule>
  <declarations>w=com.sample.DroolsTest$Display@185880b(4)</declarations>
</org.drools.audit.event.ActivationLogEvent>
<org.drools.audit.event.ActivationLogEvent>
  <type>4</type>
  <activationId>Siedziba [4]</activationId>
  <rule>Siedziba</rule>
  <declarations>w=com.sample.DroolsTest$Display@185880b(4)</declarations>
</org.drools.audit.event.ActivationLogEvent>
<org.drools.audit.event.ActivationLogEvent>
  <type>4</type>
  <activationId>Pancerz [4]</activationId>
  <rule>Pancerz</rule>
  <declarations>w=com.sample.DroolsTest$Display@185880b(4)</declarations>
</org.drools.audit.event.ActivationLogEvent>
<org.drools.audit.event.ActivationLogEvent>
  <type>4</type>
  <activationId>Wegetarianin [4]</activationId>
  <rule>Wegetarianin</rule>
  <declarations>w=com.sample.DroolsTest$Display@185880b(4)</declarations>
</org.drools.audit.event.ActivationLogEvent>
<org.drools.audit.event.ActivationLogEvent>
  <type>4</type>
  <activationId>Uczciwy [4]</activationId>
  <rule>Uczciwy</rule>
  <declarations>w=com.sample.DroolsTest$Display@185880b(4)</declarations>
</org.drools.audit.event.ActivationLogEvent>
<org.drools.audit.event.ActivationLogEvent>
  <type>4</type>
  <activationId>Piekny [4]</activationId>
  <rule>Piekny</rule>
  <declarations>w=com.sample.DroolsTest$Display@185880b(4)</declarations>
</org.drools.audit.event.ActivationLogEvent>
<org.drools.audit.event.ActivationLogEvent>
  <type>4</type>
  <activationId>Hobby [4]</activationId>
  <rule>Hobby</rule>
  <declarations>w=com.sample.DroolsTest$Display@185880b(4)</declarations>
</org.drools.audit.event.ActivationLogEvent>
<org.drools.audit.event.ActivationLogEvent>
  <type>4</type>
  <activationId>Dobry [4]</activationId>
  <rule>Dobry</rule>
  <declarations>w=com.sample.DroolsTest$Display@185880b(4)</declarations>
</org.drools.audit.event.ActivationLogEvent>
<org.drools.audit.event.ActivationLogEvent>
  <type>4</type>
  <activationId>Szybki [4]</activationId>
  <rule>Szybki</rule>
  <declarations>w=com.sample.DroolsTest$Display@185880b(4)</declarations>
</org.drools.audit.event.ActivationLogEvent>
<org.drools.audit.event.ActivationLogEvent>
  <type>4</type>
  <activationId>Wynalazki [4]</activationId>
  <rule>Wynalazki</rule>
  <declarations>w=com.sample.DroolsTest$Display@185880b(4)</declarations>
</org.drools.audit.event.ActivationLogEvent>
<org.drools.audit.event.ActivationLogEvent>
  <type>4</type>
  <activationId>Czego chcesz [4]</activationId>
  <rule>Czego chcesz</rule>
  <declarations>w=com.sample.DroolsTest$Display@185880b(4)</declarations>
</org.drools.audit.event.ActivationLogEvent>
<org.drools.audit.event.ObjectLogEvent>
  <type>1</type>
  <factId>4</factId>
  <objectToString>com.sample.DroolsTest$Display@185880b</objectToString>
</org.drools.audit.event.ObjectLogEvent>
<org.drools.audit.event.ActivationLogEvent>
  <type>6</type>
  <activationId>Wegetarianin [4]</activationId>
  <rule>Wegetarianin</rule>
  <declarations>w=com.sample.DroolsTest$Display@185880b(4)</declarations>
</org.drools.audit.event.ActivationLogEvent>
<org.drools.audit.event.ActivationLogEvent>
  <type>4</type>
  <activationId>Mieso [5, 4]</activationId>
  <rule>Mieso</rule>
  <declarations>w=com.sample.DroolsTest$Display@185880b(4)</declarations>
</org.drools.audit.event.ActivationLogEvent>
<org.drools.audit.event.ObjectLogEvent>
  <type>1</type>
  <factId>5</factId>
  <objectToString>com.sample.DroolsTest$Question@1a590ba</objectToString>
</org.drools.audit.event.ObjectLogEvent>
<org.drools.audit.event.ActivationLogEvent>
  <type>5</type>
  <activationId>Wielkosc [4]</activationId>
  <rule>Wielkosc</rule>
  <declarations>w=com.sample.DroolsTest$Display@185880b(4)</declarations>
</org.drools.audit.event.ActivationLogEvent>
<org.drools.audit.event.ActivationLogEvent>
  <type>5</type>
  <activationId>Wiek [4]</activationId>
  <rule>Wiek</rule>
  <declarations>w=com.sample.DroolsTest$Display@185880b(4)</declarations>
</org.drools.audit.event.ActivationLogEvent>
<org.drools.audit.event.ActivationLogEvent>
  <type>5</type>
  <activationId>Walczy [4]</activationId>
  <rule>Walczy</rule>
  <declarations>w=com.sample.DroolsTest$Display@185880b(4)</declarations>
</org.drools.audit.event.ActivationLogEvent>
<org.drools.audit.event.ActivationLogEvent>
  <type>5</type>
  <activationId>Wszechstronny [4]</activationId>
  <rule>Wszechstronny</rule>
  <declarations>w=com.sample.DroolsTest$Display@185880b(4)</declarations>
</org.drools.audit.event.ActivationLogEvent>
<org.drools.audit.event.ActivationLogEvent>
  <type>5</type>
  <activationId>Zaklecia [4]</activationId>
  <rule>Zaklecia</rule>
  <declarations>w=com.sample.DroolsTest$Display@185880b(4)</declarations>
</org.drools.audit.event.ActivationLogEvent>
<org.drools.audit.event.ActivationLogEvent>
  <type>5</type>
  <activationId>Kolor [4]</activationId>
  <rule>Kolor</rule>
  <declarations>w=com.sample.DroolsTest$Display@185880b(4)</declarations>
</org.drools.audit.event.ActivationLogEvent>
<org.drools.audit.event.ActivationLogEvent>
  <type>5</type>
  <activationId>Siedziba [4]</activationId>
  <rule>Siedziba</rule>
  <declarations>w=com.sample.DroolsTest$Display@185880b(4)</declarations>
</org.drools.audit.event.ActivationLogEvent>
<org.drools.audit.event.ActivationLogEvent>
  <type>5</type>
  <activationId>Pancerz [4]</activationId>
  <rule>Pancerz</rule>
  <declarations>w=com.sample.DroolsTest$Display@185880b(4)</declarations>
</org.drools.audit.event.ActivationLogEvent>
<org.drools.audit.event.ActivationLogEvent>
  <type>5</type>
  <activationId>Mieso [5, 4]</activationId>
  <rule>Mieso</rule>
  <declarations>w=com.sample.DroolsTest$Display@185880b(4)</declarations>
</org.drools.audit.event.ActivationLogEvent>
<org.drools.audit.event.ActivationLogEvent>
  <type>5</type>
  <activationId>Uczciwy [4]</activationId>
  <rule>Uczciwy</rule>
  <declarations>w=com.sample.DroolsTest$Display@185880b(4)</declarations>
</org.drools.audit.event.ActivationLogEvent>
<org.drools.audit.event.ActivationLogEvent>
  <type>5</type>
  <activationId>Piekny [4]</activationId>
  <rule>Piekny</rule>
  <declarations>w=com.sample.DroolsTest$Display@185880b(4)</declarations>
</org.drools.audit.event.ActivationLogEvent>
<org.drools.audit.event.ActivationLogEvent>
  <type>5</type>
  <activationId>Hobby [4]</activationId>
  <rule>Hobby</rule>
  <declarations>w=com.sample.DroolsTest$Display@185880b(4)</declarations>
</org.drools.audit.event.ActivationLogEvent>
<org.drools.audit.event.ActivationLogEvent>
  <type>5</type>
  <activationId>Dobry [4]</activationId>
  <rule>Dobry</rule>
  <declarations>w=com.sample.DroolsTest$Display@185880b(4)</declarations>
</org.drools.audit.event.ActivationLogEvent>
<org.drools.audit.event.ActivationLogEvent>
  <type>5</type>
  <activationId>Szybki [4]</activationId>
  <rule>Szybki</rule>
  <declarations>w=com.sample.DroolsTest$Display@185880b(4)</declarations>
</org.drools.audit.event.ActivationLogEvent>
<org.drools.audit.event.ActivationLogEvent>
  <type>5</type>
  <activationId>Wynalazki [4]</activationId>
  <rule>Wynalazki</rule>
  <declarations>w=com.sample.DroolsTest$Display@185880b(4)</declarations>
</org.drools.audit.event.ActivationLogEvent>
<org.drools.audit.event.ActivationLogEvent>
  <type>5</type>
  <activationId>Czego chcesz [4]</activationId>
  <rule>Czego chcesz</rule>
  <declarations>w=com.sample.DroolsTest$Display@185880b(4)</declarations>
</org.drools.audit.event.ActivationLogEvent>
<org.drools.audit.event.ObjectLogEvent>
  <type>3</type>
  <factId>4</factId>
  <objectToString>com.sample.DroolsTest$Display@185880b</objectToString>
</org.drools.audit.event.ObjectLogEvent>
<org.drools.audit.event.ActivationLogEvent>
  <type>7</type>
  <activationId>Wegetarianin [-1]</activationId>
  <rule>Wegetarianin</rule>
  <declarations></declarations>
</org.drools.audit.event.ActivationLogEvent>
<org.drools.audit.event.ActivationLogEvent>
  <type>4</type>
  <activationId>Wielkosc [7]</activationId>
  <rule>Wielkosc</rule>
  <declarations>w=com.sample.DroolsTest$Display@185880b(7)</declarations>
</org.drools.audit.event.ActivationLogEvent>
<org.drools.audit.event.ActivationLogEvent>
  <type>4</type>
  <activationId>Wiek [7]</activationId>
  <rule>Wiek</rule>
  <declarations>w=com.sample.DroolsTest$Display@185880b(7)</declarations>
</org.drools.audit.event.ActivationLogEvent>
<org.drools.audit.event.ActivationLogEvent>
  <type>4</type>
  <activationId>Walczy [7]</activationId>
  <rule>Walczy</rule>
  <declarations>w=com.sample.DroolsTest$Display@185880b(7)</declarations>
</org.drools.audit.event.ActivationLogEvent>
<org.drools.audit.event.ActivationLogEvent>
  <type>4</type>
  <activationId>Wszechstronny [7]</activationId>
  <rule>Wszechstronny</rule>
  <declarations>w=com.sample.DroolsTest$Display@185880b(7)</declarations>
</org.drools.audit.event.ActivationLogEvent>
<org.drools.audit.event.ActivationLogEvent>
  <type>4</type>
  <activationId>Zaklecia [7]</activationId>
  <rule>Zaklecia</rule>
  <declarations>w=com.sample.DroolsTest$Display@185880b(7)</declarations>
</org.drools.audit.event.ActivationLogEvent>
<org.drools.audit.event.ActivationLogEvent>
  <type>4</type>
  <activationId>Kolor [7]</activationId>
  <rule>Kolor</rule>
  <declarations>w=com.sample.DroolsTest$Display@185880b(7)</declarations>
</org.drools.audit.event.ActivationLogEvent>
<org.drools.audit.event.ActivationLogEvent>
  <type>4</type>
  <activationId>Siedziba [7]</activationId>
  <rule>Siedziba</rule>
  <declarations>w=com.sample.DroolsTest$Display@185880b(7)</declarations>
</org.drools.audit.event.ActivationLogEvent>
<org.drools.audit.event.ActivationLogEvent>
  <type>4</type>
  <activationId>Pancerz [7]</activationId>
  <rule>Pancerz</rule>
  <declarations>w=com.sample.DroolsTest$Display@185880b(7)</declarations>
</org.drools.audit.event.ActivationLogEvent>
<org.drools.audit.event.ActivationLogEvent>
  <type>4</type>
  <activationId>Mieso [5, 7]</activationId>
  <rule>Mieso</rule>
  <declarations>w=com.sample.DroolsTest$Display@185880b(7)</declarations>
</org.drools.audit.event.ActivationLogEvent>
<org.drools.audit.event.ActivationLogEvent>
  <type>4</type>
  <activationId>Uczciwy [7]</activationId>
  <rule>Uczciwy</rule>
  <declarations>w=com.sample.DroolsTest$Display@185880b(7)</declarations>
</org.drools.audit.event.ActivationLogEvent>
<org.drools.audit.event.ActivationLogEvent>
  <type>4</type>
  <activationId>Piekny [7]</activationId>
  <rule>Piekny</rule>
  <declarations>w=com.sample.DroolsTest$Display@185880b(7)</declarations>
</org.drools.audit.event.ActivationLogEvent>
<org.drools.audit.event.ActivationLogEvent>
  <type>4</type>
  <activationId>Hobby [7]</activationId>
  <rule>Hobby</rule>
  <declarations>w=com.sample.DroolsTest$Display@185880b(7)</declarations>
</org.drools.audit.event.ActivationLogEvent>
<org.drools.audit.event.ActivationLogEvent>
  <type>4</type>
  <activationId>Dobry [7]</activationId>
  <rule>Dobry</rule>
  <declarations>w=com.sample.DroolsTest$Display@185880b(7)</declarations>
</org.drools.audit.event.ActivationLogEvent>
<org.drools.audit.event.ActivationLogEvent>
  <type>4</type>
  <activationId>Szybki [7]</activationId>
  <rule>Szybki</rule>
  <declarations>w=com.sample.DroolsTest$Display@185880b(7)</declarations>
</org.drools.audit.event.ActivationLogEvent>
<org.drools.audit.event.ActivationLogEvent>
  <type>4</type>
  <activationId>Wynalazki [7]</activationId>
  <rule>Wynalazki</rule>
  <declarations>w=com.sample.DroolsTest$Display@185880b(7)</declarations>
</org.drools.audit.event.ActivationLogEvent>
<org.drools.audit.event.ActivationLogEvent>
  <type>4</type>
  <activationId>Czego chcesz [7]</activationId>
  <rule>Czego chcesz</rule>
  <declarations>w=com.sample.DroolsTest$Display@185880b(7)</declarations>
</org.drools.audit.event.ActivationLogEvent>
<org.drools.audit.event.ObjectLogEvent>
  <type>1</type>
  <factId>7</factId>
  <objectToString>com.sample.DroolsTest$Display@185880b</objectToString>
</org.drools.audit.event.ObjectLogEvent>
<org.drools.audit.event.ActivationLogEvent>
  <type>6</type>
  <activationId>Mieso [5, 7]</activationId>
  <rule>Mieso</rule>
  <declarations>w=com.sample.DroolsTest$Display@185880b(7)</declarations>
</org.drools.audit.event.ActivationLogEvent>
<org.drools.audit.event.ObjectLogEvent>
  <type>1</type>
  <factId>8</factId>
  <objectToString>com.sample.DroolsTest$Question@c69cfe</objectToString>
</org.drools.audit.event.ObjectLogEvent>
<org.drools.audit.event.ActivationLogEvent>
  <type>5</type>
  <activationId>Wielkosc [7]</activationId>
  <rule>Wielkosc</rule>
  <declarations>w=com.sample.DroolsTest$Display@185880b(7)</declarations>
</org.drools.audit.event.ActivationLogEvent>
<org.drools.audit.event.ActivationLogEvent>
  <type>5</type>
  <activationId>Wiek [7]</activationId>
  <rule>Wiek</rule>
  <declarations>w=com.sample.DroolsTest$Display@185880b(7)</declarations>
</org.drools.audit.event.ActivationLogEvent>
<org.drools.audit.event.ActivationLogEvent>
  <type>5</type>
  <activationId>Walczy [7]</activationId>
  <rule>Walczy</rule>
  <declarations>w=com.sample.DroolsTest$Display@185880b(7)</declarations>
</org.drools.audit.event.ActivationLogEvent>
<org.drools.audit.event.ActivationLogEvent>
  <type>5</type>
  <activationId>Wszechstronny [7]</activationId>
  <rule>Wszechstronny</rule>
  <declarations>w=com.sample.DroolsTest$Display@185880b(7)</declarations>
</org.drools.audit.event.ActivationLogEvent>
<org.drools.audit.event.ActivationLogEvent>
  <type>5</type>
  <activationId>Zaklecia [7]</activationId>
  <rule>Zaklecia</rule>
  <declarations>w=com.sample.DroolsTest$Display@185880b(7)</declarations>
</org.drools.audit.event.ActivationLogEvent>
<org.drools.audit.event.ActivationLogEvent>
  <type>5</type>
  <activationId>Kolor [7]</activationId>
  <rule>Kolor</rule>
  <declarations>w=com.sample.DroolsTest$Display@185880b(7)</declarations>
</org.drools.audit.event.ActivationLogEvent>
<org.drools.audit.event.ActivationLogEvent>
  <type>5</type>
  <activationId>Siedziba [7]</activationId>
  <rule>Siedziba</rule>
  <declarations>w=com.sample.DroolsTest$Display@185880b(7)</declarations>
</org.drools.audit.event.ActivationLogEvent>
<org.drools.audit.event.ActivationLogEvent>
  <type>5</type>
  <activationId>Pancerz [7]</activationId>
  <rule>Pancerz</rule>
  <declarations>w=com.sample.DroolsTest$Display@185880b(7)</declarations>
</org.drools.audit.event.ActivationLogEvent>
<org.drools.audit.event.ActivationLogEvent>
  <type>5</type>
  <activationId>Uczciwy [7]</activationId>
  <rule>Uczciwy</rule>
  <declarations>w=com.sample.DroolsTest$Display@185880b(7)</declarations>
</org.drools.audit.event.ActivationLogEvent>
<org.drools.audit.event.ActivationLogEvent>
  <type>5</type>
  <activationId>Piekny [7]</activationId>
  <rule>Piekny</rule>
  <declarations>w=com.sample.DroolsTest$Display@185880b(7)</declarations>
</org.drools.audit.event.ActivationLogEvent>
<org.drools.audit.event.ActivationLogEvent>
  <type>5</type>
  <activationId>Hobby [7]</activationId>
  <rule>Hobby</rule>
  <declarations>w=com.sample.DroolsTest$Display@185880b(7)</declarations>
</org.drools.audit.event.ActivationLogEvent>
<org.drools.audit.event.ActivationLogEvent>
  <type>5</type>
  <activationId>Dobry [7]</activationId>
  <rule>Dobry</rule>
  <declarations>w=com.sample.DroolsTest$Display@185880b(7)</declarations>
</org.drools.audit.event.ActivationLogEvent>
<org.drools.audit.event.ActivationLogEvent>
  <type>5</type>
  <activationId>Szybki [7]</activationId>
  <rule>Szybki</rule>
  <declarations>w=com.sample.DroolsTest$Display@185880b(7)</declarations>
</org.drools.audit.event.ActivationLogEvent>
<org.drools.audit.event.ActivationLogEvent>
  <type>5</type>
  <activationId>Wynalazki [7]</activationId>
  <rule>Wynalazki</rule>
  <declarations>w=com.sample.DroolsTest$Display@185880b(7)</declarations>
</org.drools.audit.event.ActivationLogEvent>
<org.drools.audit.event.ActivationLogEvent>
  <type>5</type>
  <activationId>Czego chcesz [7]</activationId>
  <rule>Czego chcesz</rule>
  <declarations>w=com.sample.DroolsTest$Display@185880b(7)</declarations>
</org.drools.audit.event.ActivationLogEvent>
<org.drools.audit.event.ObjectLogEvent>
  <type>3</type>
  <factId>7</factId>
  <objectToString>com.sample.DroolsTest$Display@185880b</objectToString>
</org.drools.audit.event.ObjectLogEvent>
<org.drools.audit.event.ActivationLogEvent>
  <type>7</type>
  <activationId>Mieso [5, -1]</activationId>
  <rule>Mieso</rule>
  <declarations></declarations>
</org.drools.audit.event.ActivationLogEvent>
<org.drools.audit.event.ActivationLogEvent>
  <type>4</type>
  <activationId>Wielkosc [10]</activationId>
  <rule>Wielkosc</rule>
  <declarations>w=com.sample.DroolsTest$Display@185880b(10)</declarations>
</org.drools.audit.event.ActivationLogEvent>
<org.drools.audit.event.ActivationLogEvent>
  <type>4</type>
  <activationId>Wiek [10]</activationId>
  <rule>Wiek</rule>
  <declarations>w=com.sample.DroolsTest$Display@185880b(10)</declarations>
</org.drools.audit.event.ActivationLogEvent>
<org.drools.audit.event.ActivationLogEvent>
  <type>4</type>
  <activationId>Walczy [10]</activationId>
  <rule>Walczy</rule>
  <declarations>w=com.sample.DroolsTest$Display@185880b(10)</declarations>
</org.drools.audit.event.ActivationLogEvent>
<org.drools.audit.event.ActivationLogEvent>
  <type>4</type>
  <activationId>Wszechstronny [10]</activationId>
  <rule>Wszechstronny</rule>
  <declarations>w=com.sample.DroolsTest$Display@185880b(10)</declarations>
</org.drools.audit.event.ActivationLogEvent>
<org.drools.audit.event.ActivationLogEvent>
  <type>4</type>
  <activationId>Zaklecia [10]</activationId>
  <rule>Zaklecia</rule>
  <declarations>w=com.sample.DroolsTest$Display@185880b(10)</declarations>
</org.drools.audit.event.ActivationLogEvent>
<org.drools.audit.event.ActivationLogEvent>
  <type>4</type>
  <activationId>Kolor [10]</activationId>
  <rule>Kolor</rule>
  <declarations>w=com.sample.DroolsTest$Display@185880b(10)</declarations>
</org.drools.audit.event.ActivationLogEvent>
<org.drools.audit.event.ActivationLogEvent>
  <type>4</type>
  <activationId>Siedziba [10]</activationId>
  <rule>Siedziba</rule>
  <declarations>w=com.sample.DroolsTest$Display@185880b(10)</declarations>
</org.drools.audit.event.ActivationLogEvent>
<org.drools.audit.event.ActivationLogEvent>
  <type>4</type>
  <activationId>Pancerz [10]</activationId>
  <rule>Pancerz</rule>
  <declarations>w=com.sample.DroolsTest$Display@185880b(10)</declarations>
</org.drools.audit.event.ActivationLogEvent>
<org.drools.audit.event.ActivationLogEvent>
  <type>4</type>
  <activationId>Uczciwy [10]</activationId>
  <rule>Uczciwy</rule>
  <declarations>w=com.sample.DroolsTest$Display@185880b(10)</declarations>
</org.drools.audit.event.ActivationLogEvent>
<org.drools.audit.event.ActivationLogEvent>
  <type>4</type>
  <activationId>Piekny [10]</activationId>
  <rule>Piekny</rule>
  <declarations>w=com.sample.DroolsTest$Display@185880b(10)</declarations>
</org.drools.audit.event.ActivationLogEvent>
<org.drools.audit.event.ActivationLogEvent>
  <type>4</type>
  <activationId>Hobby [10]</activationId>
  <rule>Hobby</rule>
  <declarations>w=com.sample.DroolsTest$Display@185880b(10)</declarations>
</org.drools.audit.event.ActivationLogEvent>
<org.drools.audit.event.ActivationLogEvent>
  <type>4</type>
  <activationId>Dobry [10]</activationId>
  <rule>Dobry</rule>
  <declarations>w=com.sample.DroolsTest$Display@185880b(10)</declarations>
</org.drools.audit.event.ActivationLogEvent>
<org.drools.audit.event.ActivationLogEvent>
  <type>4</type>
  <activationId>Szybki [10]</activationId>
  <rule>Szybki</rule>
  <declarations>w=com.sample.DroolsTest$Display@185880b(10)</declarations>
</org.drools.audit.event.ActivationLogEvent>
<org.drools.audit.event.ActivationLogEvent>
  <type>4</type>
  <activationId>Wynalazki [10]</activationId>
  <rule>Wynalazki</rule>
  <declarations>w=com.sample.DroolsTest$Display@185880b(10)</declarations>
</org.drools.audit.event.ActivationLogEvent>
<org.drools.audit.event.ActivationLogEvent>
  <type>4</type>
  <activationId>Czego chcesz [10]</activationId>
  <rule>Czego chcesz</rule>
  <declarations>w=com.sample.DroolsTest$Display@185880b(10)</declarations>
</org.drools.audit.event.ActivationLogEvent>
<org.drools.audit.event.ObjectLogEvent>
  <type>1</type>
  <factId>10</factId>
  <objectToString>com.sample.DroolsTest$Display@185880b</objectToString>
</org.drools.audit.event.ObjectLogEvent>
<org.drools.audit.event.ActivationLogEvent>
  <type>6</type>
  <activationId>Pancerz [10]</activationId>
  <rule>Pancerz</rule>
  <declarations>w=com.sample.DroolsTest$Display@185880b(10)</declarations>
</org.drools.audit.event.ActivationLogEvent>
<org.drools.audit.event.ObjectLogEvent>
  <type>1</type>
  <factId>11</factId>
  <objectToString>com.sample.DroolsTest$Question@77614d</objectToString>
</org.drools.audit.event.ObjectLogEvent>
<org.drools.audit.event.ActivationLogEvent>
  <type>5</type>
  <activationId>Wielkosc [10]</activationId>
  <rule>Wielkosc</rule>
  <declarations>w=com.sample.DroolsTest$Display@185880b(10)</declarations>
</org.drools.audit.event.ActivationLogEvent>
<org.drools.audit.event.ActivationLogEvent>
  <type>5</type>
  <activationId>Wiek [10]</activationId>
  <rule>Wiek</rule>
  <declarations>w=com.sample.DroolsTest$Display@185880b(10)</declarations>
</org.drools.audit.event.ActivationLogEvent>
<org.drools.audit.event.ActivationLogEvent>
  <type>5</type>
  <activationId>Walczy [10]</activationId>
  <rule>Walczy</rule>
  <declarations>w=com.sample.DroolsTest$Display@185880b(10)</declarations>
</org.drools.audit.event.ActivationLogEvent>
<org.drools.audit.event.ActivationLogEvent>
  <type>5</type>
  <activationId>Wszechstronny [10]</activationId>
  <rule>Wszechstronny</rule>
  <declarations>w=com.sample.DroolsTest$Display@185880b(10)</declarations>
</org.drools.audit.event.ActivationLogEvent>
<org.drools.audit.event.ActivationLogEvent>
  <type>5</type>
  <activationId>Zaklecia [10]</activationId>
  <rule>Zaklecia</rule>
  <declarations>w=com.sample.DroolsTest$Display@185880b(10)</declarations>
</org.drools.audit.event.ActivationLogEvent>
<org.drools.audit.event.ActivationLogEvent>
  <type>5</type>
  <activationId>Kolor [10]</activationId>
  <rule>Kolor</rule>
  <declarations>w=com.sample.DroolsTest$Display@185880b(10)</declarations>
</org.drools.audit.event.ActivationLogEvent>
<org.drools.audit.event.ActivationLogEvent>
  <type>5</type>
  <activationId>Siedziba [10]</activationId>
  <rule>Siedziba</rule>
  <declarations>w=com.sample.DroolsTest$Display@185880b(10)</declarations>
</org.drools.audit.event.ActivationLogEvent>
<org.drools.audit.event.ActivationLogEvent>
  <type>5</type>
  <activationId>Uczciwy [10]</activationId>
  <rule>Uczciwy</rule>
  <declarations>w=com.sample.DroolsTest$Display@185880b(10)</declarations>
</org.drools.audit.event.ActivationLogEvent>
<org.drools.audit.event.ActivationLogEvent>
  <type>5</type>
  <activationId>Piekny [10]</activationId>
  <rule>Piekny</rule>
  <declarations>w=com.sample.DroolsTest$Display@185880b(10)</declarations>
</org.drools.audit.event.ActivationLogEvent>
<org.drools.audit.event.ActivationLogEvent>
  <type>5</type>
  <activationId>Hobby [10]</activationId>
  <rule>Hobby</rule>
  <declarations>w=com.sample.DroolsTest$Display@185880b(10)</declarations>
</org.drools.audit.event.ActivationLogEvent>
<org.drools.audit.event.ActivationLogEvent>
  <type>5</type>
  <activationId>Dobry [10]</activationId>
  <rule>Dobry</rule>
  <declarations>w=com.sample.DroolsTest$Display@185880b(10)</declarations>
</org.drools.audit.event.ActivationLogEvent>
<org.drools.audit.event.ActivationLogEvent>
  <type>5</type>
  <activationId>Szybki [10]</activationId>
  <rule>Szybki</rule>
  <declarations>w=com.sample.DroolsTest$Display@185880b(10)</declarations>
</org.drools.audit.event.ActivationLogEvent>
<org.drools.audit.event.ActivationLogEvent>
  <type>5</type>
  <activationId>Wynalazki [10]</activationId>
  <rule>Wynalazki</rule>
  <declarations>w=com.sample.DroolsTest$Display@185880b(10)</declarations>
</org.drools.audit.event.ActivationLogEvent>
<org.drools.audit.event.ActivationLogEvent>
  <type>5</type>
  <activationId>Czego chcesz [10]</activationId>
  <rule>Czego chcesz</rule>
  <declarations>w=com.sample.DroolsTest$Display@185880b(10)</declarations>
</org.drools.audit.event.ActivationLogEvent>
<org.drools.audit.event.ObjectLogEvent>
  <type>3</type>
  <factId>10</factId>
  <objectToString>com.sample.DroolsTest$Display@185880b</objectToString>
</org.drools.audit.event.ObjectLogEvent>
<org.drools.audit.event.ActivationLogEvent>
  <type>7</type>
  <activationId>Pancerz [-1]</activationId>
  <rule>Pancerz</rule>
  <declarations></declarations>
</org.drools.audit.event.ActivationLogEvent>
<org.drools.audit.event.ActivationLogEvent>
  <type>4</type>
  <activationId>Wielkosc [13]</activationId>
  <rule>Wielkosc</rule>
  <declarations>w=com.sample.DroolsTest$Display@185880b(13)</declarations>
</org.drools.audit.event.ActivationLogEvent>
<org.drools.audit.event.ActivationLogEvent>
  <type>4</type>
  <activationId>Wiek [13]</activationId>
  <rule>Wiek</rule>
  <declarations>w=com.sample.DroolsTest$Display@185880b(13)</declarations>
</org.drools.audit.event.ActivationLogEvent>
<org.drools.audit.event.ActivationLogEvent>
  <type>4</type>
  <activationId>Walczy [13]</activationId>
  <rule>Walczy</rule>
  <declarations>w=com.sample.DroolsTest$Display@185880b(13)</declarations>
</org.drools.audit.event.ActivationLogEvent>
<org.drools.audit.event.ActivationLogEvent>
  <type>4</type>
  <activationId>Wszechstronny [13]</activationId>
  <rule>Wszechstronny</rule>
  <declarations>w=com.sample.DroolsTest$Display@185880b(13)</declarations>
</org.drools.audit.event.ActivationLogEvent>
<org.drools.audit.event.ActivationLogEvent>
  <type>4</type>
  <activationId>Zaklecia [13]</activationId>
  <rule>Zaklecia</rule>
  <declarations>w=com.sample.DroolsTest$Display@185880b(13)</declarations>
</org.drools.audit.event.ActivationLogEvent>
<org.drools.audit.event.ActivationLogEvent>
  <type>4</type>
  <activationId>Kolor [13]</activationId>
  <rule>Kolor</rule>
  <declarations>w=com.sample.DroolsTest$Display@185880b(13)</declarations>
</org.drools.audit.event.ActivationLogEvent>
<org.drools.audit.event.ActivationLogEvent>
  <type>4</type>
  <activationId>Siedziba [13]</activationId>
  <rule>Siedziba</rule>
  <declarations>w=com.sample.DroolsTest$Display@185880b(13)</declarations>
</org.drools.audit.event.ActivationLogEvent>
<org.drools.audit.event.ActivationLogEvent>
  <type>4</type>
  <activationId>Uczciwy [13]</activationId>
  <rule>Uczciwy</rule>
  <declarations>w=com.sample.DroolsTest$Display@185880b(13)</declarations>
</org.drools.audit.event.ActivationLogEvent>
<org.drools.audit.event.ActivationLogEvent>
  <type>4</type>
  <activationId>Piekny [13]</activationId>
  <rule>Piekny</rule>
  <declarations>w=com.sample.DroolsTest$Display@185880b(13)</declarations>
</org.drools.audit.event.ActivationLogEvent>
<org.drools.audit.event.ActivationLogEvent>
  <type>4</type>
  <activationId>Hobby [13]</activationId>
  <rule>Hobby</rule>
  <declarations>w=com.sample.DroolsTest$Display@185880b(13)</declarations>
</org.drools.audit.event.ActivationLogEvent>
<org.drools.audit.event.ActivationLogEvent>
  <type>4</type>
  <activationId>Dobry [13]</activationId>
  <rule>Dobry</rule>
  <declarations>w=com.sample.DroolsTest$Display@185880b(13)</declarations>
</org.drools.audit.event.ActivationLogEvent>
<org.drools.audit.event.ActivationLogEvent>
  <type>4</type>
  <activationId>Szybki [13]</activationId>
  <rule>Szybki</rule>
  <declarations>w=com.sample.DroolsTest$Display@185880b(13)</declarations>
</org.drools.audit.event.ActivationLogEvent>
<org.drools.audit.event.ActivationLogEvent>
  <type>4</type>
  <activationId>Wynalazki [13]</activationId>
  <rule>Wynalazki</rule>
  <declarations>w=com.sample.DroolsTest$Display@185880b(13)</declarations>
</org.drools.audit.event.ActivationLogEvent>
<org.drools.audit.event.ActivationLogEvent>
  <type>4</type>
  <activationId>Czego chcesz [13]</activationId>
  <rule>Czego chcesz</rule>
  <declarations>w=com.sample.DroolsTest$Display@185880b(13)</declarations>
</org.drools.audit.event.ActivationLogEvent>
<org.drools.audit.event.ObjectLogEvent>
  <type>1</type>
  <factId>13</factId>
  <objectToString>com.sample.DroolsTest$Display@185880b</objectToString>
</org.drools.audit.event.ObjectLogEvent>
<org.drools.audit.event.ActivationLogEvent>
  <type>6</type>
  <activationId>Siedziba [13]</activationId>
  <rule>Siedziba</rule>
  <declarations>w=com.sample.DroolsTest$Display@185880b(13)</declarations>
</org.drools.audit.event.ActivationLogEvent>
<org.drools.audit.event.ObjectLogEvent>
  <type>1</type>
  <factId>14</factId>
  <objectToString>com.sample.DroolsTest$Question@1601e47</objectToString>
</org.drools.audit.event.ObjectLogEvent>
<org.drools.audit.event.ActivationLogEvent>
  <type>5</type>
  <activationId>Wielkosc [13]</activationId>
  <rule>Wielkosc</rule>
  <declarations>w=com.sample.DroolsTest$Display@185880b(13)</declarations>
</org.drools.audit.event.ActivationLogEvent>
<org.drools.audit.event.ActivationLogEvent>
  <type>5</type>
  <activationId>Wiek [13]</activationId>
  <rule>Wiek</rule>
  <declarations>w=com.sample.DroolsTest$Display@185880b(13)</declarations>
</org.drools.audit.event.ActivationLogEvent>
<org.drools.audit.event.ActivationLogEvent>
  <type>5</type>
  <activationId>Walczy [13]</activationId>
  <rule>Walczy</rule>
  <declarations>w=com.sample.DroolsTest$Display@185880b(13)</declarations>
</org.drools.audit.event.ActivationLogEvent>
<org.drools.audit.event.ActivationLogEvent>
  <type>5</type>
  <activationId>Wszechstronny [13]</activationId>
  <rule>Wszechstronny</rule>
  <declarations>w=com.sample.DroolsTest$Display@185880b(13)</declarations>
</org.drools.audit.event.ActivationLogEvent>
<org.drools.audit.event.ActivationLogEvent>
  <type>5</type>
  <activationId>Zaklecia [13]</activationId>
  <rule>Zaklecia</rule>
  <declarations>w=com.sample.DroolsTest$Display@185880b(13)</declarations>
</org.drools.audit.event.ActivationLogEvent>
<org.drools.audit.event.ActivationLogEvent>
  <type>5</type>
  <activationId>Kolor [13]</activationId>
  <rule>Kolor</rule>
  <declarations>w=com.sample.DroolsTest$Display@185880b(13)</declarations>
</org.drools.audit.event.ActivationLogEvent>
<org.drools.audit.event.ActivationLogEvent>
  <type>5</type>
  <activationId>Uczciwy [13]</activationId>
  <rule>Uczciwy</rule>
  <declarations>w=com.sample.DroolsTest$Display@185880b(13)</declarations>
</org.drools.audit.event.ActivationLogEvent>
<org.drools.audit.event.ActivationLogEvent>
  <type>5</type>
  <activationId>Piekny [13]</activationId>
  <rule>Piekny</rule>
  <declarations>w=com.sample.DroolsTest$Display@185880b(13)</declarations>
</org.drools.audit.event.ActivationLogEvent>
<org.drools.audit.event.ActivationLogEvent>
  <type>5</type>
  <activationId>Hobby [13]</activationId>
  <rule>Hobby</rule>
  <declarations>w=com.sample.DroolsTest$Display@185880b(13)</declarations>
</org.drools.audit.event.ActivationLogEvent>
<org.drools.audit.event.ActivationLogEvent>
  <type>5</type>
  <activationId>Dobry [13]</activationId>
  <rule>Dobry</rule>
  <declarations>w=com.sample.DroolsTest$Display@185880b(13)</declarations>
</org.drools.audit.event.ActivationLogEvent>
<org.drools.audit.event.ActivationLogEvent>
  <type>5</type>
  <activationId>Szybki [13]</activationId>
  <rule>Szybki</rule>
  <declarations>w=com.sample.DroolsTest$Display@185880b(13)</declarations>
</org.drools.audit.event.ActivationLogEvent>
<org.drools.audit.event.ActivationLogEvent>
  <type>5</type>
  <activationId>Wynalazki [13]</activationId>
  <rule>Wynalazki</rule>
  <declarations>w=com.sample.DroolsTest$Display@185880b(13)</declarations>
</org.drools.audit.event.ActivationLogEvent>
<org.drools.audit.event.ActivationLogEvent>
  <type>5</type>
  <activationId>Czego chcesz [13]</activationId>
  <rule>Czego chcesz</rule>
  <declarations>w=com.sample.DroolsTest$Display@185880b(13)</declarations>
</org.drools.audit.event.ActivationLogEvent>
<org.drools.audit.event.ObjectLogEvent>
  <type>3</type>
  <factId>13</factId>
  <objectToString>com.sample.DroolsTest$Display@185880b</objectToString>
</org.drools.audit.event.ObjectLogEvent>
<org.drools.audit.event.ActivationLogEvent>
  <type>7</type>
  <activationId>Siedziba [-1]</activationId>
  <rule>Siedziba</rule>
  <declarations></declarations>
</org.drools.audit.event.ActivationLogEvent>
<org.drools.audit.event.ActivationLogEvent>
  <type>4</type>
  <activationId>Wielkosc [16]</activationId>
  <rule>Wielkosc</rule>
  <declarations>w=com.sample.DroolsTest$Display@185880b(16)</declarations>
</org.drools.audit.event.ActivationLogEvent>
<org.drools.audit.event.ActivationLogEvent>
  <type>4</type>
  <activationId>Wiek [16]</activationId>
  <rule>Wiek</rule>
  <declarations>w=com.sample.DroolsTest$Display@185880b(16)</declarations>
</org.drools.audit.event.ActivationLogEvent>
<org.drools.audit.event.ActivationLogEvent>
  <type>4</type>
  <activationId>Walczy [16]</activationId>
  <rule>Walczy</rule>
  <declarations>w=com.sample.DroolsTest$Display@185880b(16)</declarations>
</org.drools.audit.event.ActivationLogEvent>
<org.drools.audit.event.ActivationLogEvent>
  <type>4</type>
  <activationId>Wszechstronny [16]</activationId>
  <rule>Wszechstronny</rule>
  <declarations>w=com.sample.DroolsTest$Display@185880b(16)</declarations>
</org.drools.audit.event.ActivationLogEvent>
<org.drools.audit.event.ActivationLogEvent>
  <type>4</type>
  <activationId>Zaklecia [16]</activationId>
  <rule>Zaklecia</rule>
  <declarations>w=com.sample.DroolsTest$Display@185880b(16)</declarations>
</org.drools.audit.event.ActivationLogEvent>
<org.drools.audit.event.ActivationLogEvent>
  <type>4</type>
  <activationId>Kolor [16]</activationId>
  <rule>Kolor</rule>
  <declarations>w=com.sample.DroolsTest$Display@185880b(16)</declarations>
</org.drools.audit.event.ActivationLogEvent>
<org.drools.audit.event.ActivationLogEvent>
  <type>4</type>
  <activationId>Uczciwy [16]</activationId>
  <rule>Uczciwy</rule>
  <declarations>w=com.sample.DroolsTest$Display@185880b(16)</declarations>
</org.drools.audit.event.ActivationLogEvent>
<org.drools.audit.event.ActivationLogEvent>
  <type>4</type>
  <activationId>Piekny [16]</activationId>
  <rule>Piekny</rule>
  <declarations>w=com.sample.DroolsTest$Display@185880b(16)</declarations>
</org.drools.audit.event.ActivationLogEvent>
<org.drools.audit.event.ActivationLogEvent>
  <type>4</type>
  <activationId>Hobby [16]</activationId>
  <rule>Hobby</rule>
  <declarations>w=com.sample.DroolsTest$Display@185880b(16)</declarations>
</org.drools.audit.event.ActivationLogEvent>
<org.drools.audit.event.ActivationLogEvent>
  <type>4</type>
  <activationId>Dobry [16]</activationId>
  <rule>Dobry</rule>
  <declarations>w=com.sample.DroolsTest$Display@185880b(16)</declarations>
</org.drools.audit.event.ActivationLogEvent>
<org.drools.audit.event.ActivationLogEvent>
  <type>4</type>
  <activationId>Szybki [16]</activationId>
  <rule>Szybki</rule>
  <declarations>w=com.sample.DroolsTest$Display@185880b(16)</declarations>
</org.drools.audit.event.ActivationLogEvent>
<org.drools.audit.event.ActivationLogEvent>
  <type>4</type>
  <activationId>Wynalazki [16]</activationId>
  <rule>Wynalazki</rule>
  <declarations>w=com.sample.DroolsTest$Display@185880b(16)</declarations>
</org.drools.audit.event.ActivationLogEvent>
<org.drools.audit.event.ActivationLogEvent>
  <type>4</type>
  <activationId>Czego chcesz [16]</activationId>
  <rule>Czego chcesz</rule>
  <declarations>w=com.sample.DroolsTest$Display@185880b(16)</declarations>
</org.drools.audit.event.ActivationLogEvent>
<org.drools.audit.event.ObjectLogEvent>
  <type>1</type>
  <factId>16</factId>
  <objectToString>com.sample.DroolsTest$Display@185880b</objectToString>
</org.drools.audit.event.ObjectLogEvent>
<org.drools.audit.event.ActivationLogEvent>
  <type>6</type>
  <activationId>Kolor [16]</activationId>
  <rule>Kolor</rule>
  <declarations>w=com.sample.DroolsTest$Display@185880b(16)</declarations>
</org.drools.audit.event.ActivationLogEvent>
<org.drools.audit.event.ObjectLogEvent>
  <type>1</type>
  <factId>17</factId>
  <objectToString>com.sample.DroolsTest$Question@1caa550</objectToString>
</org.drools.audit.event.ObjectLogEvent>
<org.drools.audit.event.ActivationLogEvent>
  <type>5</type>
  <activationId>Wielkosc [16]</activationId>
  <rule>Wielkosc</rule>
  <declarations>w=com.sample.DroolsTest$Display@185880b(16)</declarations>
</org.drools.audit.event.ActivationLogEvent>
<org.drools.audit.event.ActivationLogEvent>
  <type>5</type>
  <activationId>Wiek [16]</activationId>
  <rule>Wiek</rule>
  <declarations>w=com.sample.DroolsTest$Display@185880b(16)</declarations>
</org.drools.audit.event.ActivationLogEvent>
<org.drools.audit.event.ActivationLogEvent>
  <type>5</type>
  <activationId>Walczy [16]</activationId>
  <rule>Walczy</rule>
  <declarations>w=com.sample.DroolsTest$Display@185880b(16)</declarations>
</org.drools.audit.event.ActivationLogEvent>
<org.drools.audit.event.ActivationLogEvent>
  <type>5</type>
  <activationId>Wszechstronny [16]</activationId>
  <rule>Wszechstronny</rule>
  <declarations>w=com.sample.DroolsTest$Display@185880b(16)</declarations>
</org.drools.audit.event.ActivationLogEvent>
<org.drools.audit.event.ActivationLogEvent>
  <type>5</type>
  <activationId>Zaklecia [16]</activationId>
  <rule>Zaklecia</rule>
  <declarations>w=com.sample.DroolsTest$Display@185880b(16)</declarations>
</org.drools.audit.event.ActivationLogEvent>
<org.drools.audit.event.ActivationLogEvent>
  <type>5</type>
  <activationId>Uczciwy [16]</activationId>
  <rule>Uczciwy</rule>
  <declarations>w=com.sample.DroolsTest$Display@185880b(16)</declarations>
</org.drools.audit.event.ActivationLogEvent>
<org.drools.audit.event.ActivationLogEvent>
  <type>5</type>
  <activationId>Piekny [16]</activationId>
  <rule>Piekny</rule>
  <declarations>w=com.sample.DroolsTest$Display@185880b(16)</declarations>
</org.drools.audit.event.ActivationLogEvent>
<org.drools.audit.event.ActivationLogEvent>
  <type>5</type>
  <activationId>Hobby [16]</activationId>
  <rule>Hobby</rule>
  <declarations>w=com.sample.DroolsTest$Display@185880b(16)</declarations>
</org.drools.audit.event.ActivationLogEvent>
<org.drools.audit.event.ActivationLogEvent>
  <type>5</type>
  <activationId>Dobry [16]</activationId>
  <rule>Dobry</rule>
  <declarations>w=com.sample.DroolsTest$Display@185880b(16)</declarations>
</org.drools.audit.event.ActivationLogEvent>
<org.drools.audit.event.ActivationLogEvent>
  <type>5</type>
  <activationId>Szybki [16]</activationId>
  <rule>Szybki</rule>
  <declarations>w=com.sample.DroolsTest$Display@185880b(16)</declarations>
</org.drools.audit.event.ActivationLogEvent>
<org.drools.audit.event.ActivationLogEvent>
  <type>5</type>
  <activationId>Wynalazki [16]</activationId>
  <rule>Wynalazki</rule>
  <declarations>w=com.sample.DroolsTest$Display@185880b(16)</declarations>
</org.drools.audit.event.ActivationLogEvent>
<org.drools.audit.event.ActivationLogEvent>
  <type>5</type>
  <activationId>Czego chcesz [16]</activationId>
  <rule>Czego chcesz</rule>
  <declarations>w=com.sample.DroolsTest$Display@185880b(16)</declarations>
</org.drools.audit.event.ActivationLogEvent>
<org.drools.audit.event.ObjectLogEvent>
  <type>3</type>
  <factId>16</factId>
  <objectToString>com.sample.DroolsTest$Display@185880b</objectToString>
</org.drools.audit.event.ObjectLogEvent>
<org.drools.audit.event.ActivationLogEvent>
  <type>7</type>
  <activationId>Kolor [-1]</activationId>
  <rule>Kolor</rule>
  <declarations></declarations>
</org.drools.audit.event.ActivationLogEvent>
<org.drools.audit.event.ActivationLogEvent>
  <type>4</type>
  <activationId>Wielkosc [19]</activationId>
  <rule>Wielkosc</rule>
  <declarations>w=com.sample.DroolsTest$Display@185880b(19)</declarations>
</org.drools.audit.event.ActivationLogEvent>
<org.drools.audit.event.ActivationLogEvent>
  <type>4</type>
  <activationId>Wiek [19]</activationId>
  <rule>Wiek</rule>
  <declarations>w=com.sample.DroolsTest$Display@185880b(19)</declarations>
</org.drools.audit.event.ActivationLogEvent>
<org.drools.audit.event.ActivationLogEvent>
  <type>4</type>
  <activationId>Walczy [19]</activationId>
  <rule>Walczy</rule>
  <declarations>w=com.sample.DroolsTest$Display@185880b(19)</declarations>
</org.drools.audit.event.ActivationLogEvent>
<org.drools.audit.event.ActivationLogEvent>
  <type>4</type>
  <activationId>Wszechstronny [19]</activationId>
  <rule>Wszechstronny</rule>
  <declarations>w=com.sample.DroolsTest$Display@185880b(19)</declarations>
</org.drools.audit.event.ActivationLogEvent>
<org.drools.audit.event.ActivationLogEvent>
  <type>4</type>
  <activationId>Zaklecia [19]</activationId>
  <rule>Zaklecia</rule>
  <declarations>w=com.sample.DroolsTest$Display@185880b(19)</declarations>
</org.drools.audit.event.ActivationLogEvent>
<org.drools.audit.event.ActivationLogEvent>
  <type>4</type>
  <activationId>Uczciwy [19]</activationId>
  <rule>Uczciwy</rule>
  <declarations>w=com.sample.DroolsTest$Display@185880b(19)</declarations>
</org.drools.audit.event.ActivationLogEvent>
<org.drools.audit.event.ActivationLogEvent>
  <type>4</type>
  <activationId>Piekny [19]</activationId>
  <rule>Piekny</rule>
  <declarations>w=com.sample.DroolsTest$Display@185880b(19)</declarations>
</org.drools.audit.event.ActivationLogEvent>
<org.drools.audit.event.ActivationLogEvent>
  <type>4</type>
  <activationId>Hobby [19]</activationId>
  <rule>Hobby</rule>
  <declarations>w=com.sample.DroolsTest$Display@185880b(19)</declarations>
</org.drools.audit.event.ActivationLogEvent>
<org.drools.audit.event.ActivationLogEvent>
  <type>4</type>
  <activationId>Dobry [19]</activationId>
  <rule>Dobry</rule>
  <declarations>w=com.sample.DroolsTest$Display@185880b(19)</declarations>
</org.drools.audit.event.ActivationLogEvent>
<org.drools.audit.event.ActivationLogEvent>
  <type>4</type>
  <activationId>Szybki [19]</activationId>
  <rule>Szybki</rule>
  <declarations>w=com.sample.DroolsTest$Display@185880b(19)</declarations>
</org.drools.audit.event.ActivationLogEvent>
<org.drools.audit.event.ActivationLogEvent>
  <type>4</type>
  <activationId>Wynalazki [19]</activationId>
  <rule>Wynalazki</rule>
  <declarations>w=com.sample.DroolsTest$Display@185880b(19)</declarations>
</org.drools.audit.event.ActivationLogEvent>
<org.drools.audit.event.ActivationLogEvent>
  <type>4</type>
  <activationId>Czego chcesz [19]</activationId>
  <rule>Czego chcesz</rule>
  <declarations>w=com.sample.DroolsTest$Display@185880b(19)</declarations>
</org.drools.audit.event.ActivationLogEvent>
<org.drools.audit.event.ObjectLogEvent>
  <type>1</type>
  <factId>19</factId>
  <objectToString>com.sample.DroolsTest$Display@185880b</objectToString>
</org.drools.audit.event.ObjectLogEvent>
<org.drools.audit.event.ActivationLogEvent>
  <type>6</type>
  <activationId>Zaklecia [19]</activationId>
  <rule>Zaklecia</rule>
  <declarations>w=com.sample.DroolsTest$Display@185880b(19)</declarations>
</org.drools.audit.event.ActivationLogEvent>
<org.drools.audit.event.ObjectLogEvent>
  <type>1</type>
  <factId>20</factId>
  <objectToString>com.sample.DroolsTest$Question@cf80e7</objectToString>
</org.drools.audit.event.ObjectLogEvent>
<org.drools.audit.event.ActivationLogEvent>
  <type>5</type>
  <activationId>Wielkosc [19]</activationId>
  <rule>Wielkosc</rule>
  <declarations>w=com.sample.DroolsTest$Display@185880b(19)</declarations>
</org.drools.audit.event.ActivationLogEvent>
<org.drools.audit.event.ActivationLogEvent>
  <type>5</type>
  <activationId>Wiek [19]</activationId>
  <rule>Wiek</rule>
  <declarations>w=com.sample.DroolsTest$Display@185880b(19)</declarations>
</org.drools.audit.event.ActivationLogEvent>
<org.drools.audit.event.ActivationLogEvent>
  <type>5</type>
  <activationId>Walczy [19]</activationId>
  <rule>Walczy</rule>
  <declarations>w=com.sample.DroolsTest$Display@185880b(19)</declarations>
</org.drools.audit.event.ActivationLogEvent>
<org.drools.audit.event.ActivationLogEvent>
  <type>5</type>
  <activationId>Wszechstronny [19]</activationId>
  <rule>Wszechstronny</rule>
  <declarations>w=com.sample.DroolsTest$Display@185880b(19)</declarations>
</org.drools.audit.event.ActivationLogEvent>
<org.drools.audit.event.ActivationLogEvent>
  <type>5</type>
  <activationId>Uczciwy [19]</activationId>
  <rule>Uczciwy</rule>
  <declarations>w=com.sample.DroolsTest$Display@185880b(19)</declarations>
</org.drools.audit.event.ActivationLogEvent>
<org.drools.audit.event.ActivationLogEvent>
  <type>5</type>
  <activationId>Piekny [19]</activationId>
  <rule>Piekny</rule>
  <declarations>w=com.sample.DroolsTest$Display@185880b(19)</declarations>
</org.drools.audit.event.ActivationLogEvent>
<org.drools.audit.event.ActivationLogEvent>
  <type>5</type>
  <activationId>Hobby [19]</activationId>
  <rule>Hobby</rule>
  <declarations>w=com.sample.DroolsTest$Display@185880b(19)</declarations>
</org.drools.audit.event.ActivationLogEvent>
<org.drools.audit.event.ActivationLogEvent>
  <type>5</type>
  <activationId>Dobry [19]</activationId>
  <rule>Dobry</rule>
  <declarations>w=com.sample.DroolsTest$Display@185880b(19)</declarations>
</org.drools.audit.event.ActivationLogEvent>
<org.drools.audit.event.ActivationLogEvent>
  <type>5</type>
  <activationId>Szybki [19]</activationId>
  <rule>Szybki</rule>
  <declarations>w=com.sample.DroolsTest$Display@185880b(19)</declarations>
</org.drools.audit.event.ActivationLogEvent>
<org.drools.audit.event.ActivationLogEvent>
  <type>5</type>
  <activationId>Wynalazki [19]</activationId>
  <rule>Wynalazki</rule>
  <declarations>w=com.sample.DroolsTest$Display@185880b(19)</declarations>
</org.drools.audit.event.ActivationLogEvent>
<org.drools.audit.event.ActivationLogEvent>
  <type>5</type>
  <activationId>Czego chcesz [19]</activationId>
  <rule>Czego chcesz</rule>
  <declarations>w=com.sample.DroolsTest$Display@185880b(19)</declarations>
</org.drools.audit.event.ActivationLogEvent>
<org.drools.audit.event.ObjectLogEvent>
  <type>3</type>
  <factId>19</factId>
  <objectToString>com.sample.DroolsTest$Display@185880b</objectToString>
</org.drools.audit.event.ObjectLogEvent>
<org.drools.audit.event.ActivationLogEvent>
  <type>7</type>
  <activationId>Zaklecia [-1]</activationId>
  <rule>Zaklecia</rule>
  <declarations></declarations>
</org.drools.audit.event.ActivationLogEvent>
<org.drools.audit.event.ObjectLogEvent>
  <type>1</type>
  <factId>22</factId>
  <objectToString>com.sample.DroolsTest$Attribute@efcf8a</objectToString>
</org.drools.audit.event.ObjectLogEvent>
<org.drools.audit.event.ActivationLogEvent>
  <type>4</type>
  <activationId>Wielkosc [23]</activationId>
  <rule>Wielkosc</rule>
  <declarations>w=com.sample.DroolsTest$Display@185880b(23)</declarations>
</org.drools.audit.event.ActivationLogEvent>
<org.drools.audit.event.ActivationLogEvent>
  <type>4</type>
  <activationId>Wiek [23]</activationId>
  <rule>Wiek</rule>
  <declarations>w=com.sample.DroolsTest$Display@185880b(23)</declarations>
</org.drools.audit.event.ActivationLogEvent>
<org.drools.audit.event.ActivationLogEvent>
  <type>4</type>
  <activationId>Walczy [23]</activationId>
  <rule>Walczy</rule>
  <declarations>w=com.sample.DroolsTest$Display@185880b(23)</declarations>
</org.drools.audit.event.ActivationLogEvent>
<org.drools.audit.event.ActivationLogEvent>
  <type>4</type>
  <activationId>Wszechstronny [23]</activationId>
  <rule>Wszechstronny</rule>
  <declarations>w=com.sample.DroolsTest$Display@185880b(23)</declarations>
</org.drools.audit.event.ActivationLogEvent>
<org.drools.audit.event.ActivationLogEvent>
  <type>4</type>
  <activationId>ZakleciaDwa [22, 23]</activationId>
  <rule>ZakleciaDwa</rule>
  <declarations>w=com.sample.DroolsTest$Display@185880b(23)</declarations>
</org.drools.audit.event.ActivationLogEvent>
<org.drools.audit.event.ActivationLogEvent>
  <type>4</type>
  <activationId>Uczciwy [23]</activationId>
  <rule>Uczciwy</rule>
  <declarations>w=com.sample.DroolsTest$Display@185880b(23)</declarations>
</org.drools.audit.event.ActivationLogEvent>
<org.drools.audit.event.ActivationLogEvent>
  <type>4</type>
  <activationId>Piekny [23]</activationId>
  <rule>Piekny</rule>
  <declarations>w=com.sample.DroolsTest$Display@185880b(23)</declarations>
</org.drools.audit.event.ActivationLogEvent>
<org.drools.audit.event.ActivationLogEvent>
  <type>4</type>
  <activationId>Hobby [23]</activationId>
  <rule>Hobby</rule>
  <declarations>w=com.sample.DroolsTest$Display@185880b(23)</declarations>
</org.drools.audit.event.ActivationLogEvent>
<org.drools.audit.event.ActivationLogEvent>
  <type>4</type>
  <activationId>Dobry [23]</activationId>
  <rule>Dobry</rule>
  <declarations>w=com.sample.DroolsTest$Display@185880b(23)</declarations>
</org.drools.audit.event.ActivationLogEvent>
<org.drools.audit.event.ActivationLogEvent>
  <type>4</type>
  <activationId>Szybki [23]</activationId>
  <rule>Szybki</rule>
  <declarations>w=com.sample.DroolsTest$Display@185880b(23)</declarations>
</org.drools.audit.event.ActivationLogEvent>
<org.drools.audit.event.ActivationLogEvent>
  <type>4</type>
  <activationId>Wynalazki [23]</activationId>
  <rule>Wynalazki</rule>
  <declarations>w=com.sample.DroolsTest$Display@185880b(23)</declarations>
</org.drools.audit.event.ActivationLogEvent>
<org.drools.audit.event.ActivationLogEvent>
  <type>4</type>
  <activationId>Brak dopasowania, graj magiem [22, 23]</activationId>
  <rule>Brak dopasowania, graj magiem</rule>
  <declarations>w=com.sample.DroolsTest$Display@185880b(23)</declarations>
</org.drools.audit.event.ActivationLogEvent>
<org.drools.audit.event.ActivationLogEvent>
  <type>4</type>
  <activationId>Czego chcesz [23]</activationId>
  <rule>Czego chcesz</rule>
  <declarations>w=com.sample.DroolsTest$Display@185880b(23)</declarations>
</org.drools.audit.event.ActivationLogEvent>
<org.drools.audit.event.ObjectLogEvent>
  <type>1</type>
  <factId>23</factId>
  <objectToString>com.sample.DroolsTest$Display@185880b</objectToString>
</org.drools.audit.event.ObjectLogEvent>
<org.drools.audit.event.ActivationLogEvent>
  <type>6</type>
  <activationId>ZakleciaDwa [22, 23]</activationId>
  <rule>ZakleciaDwa</rule>
  <declarations>w=com.sample.DroolsTest$Display@185880b(23)</declarations>
</org.drools.audit.event.ActivationLogEvent>
<org.drools.audit.event.ObjectLogEvent>
  <type>1</type>
  <factId>24</factId>
  <objectToString>com.sample.DroolsTest$Question@138fc5</objectToString>
</org.drools.audit.event.ObjectLogEvent>
<org.drools.audit.event.ActivationLogEvent>
  <type>5</type>
  <activationId>Wielkosc [23]</activationId>
  <rule>Wielkosc</rule>
  <declarations>w=com.sample.DroolsTest$Display@185880b(23)</declarations>
</org.drools.audit.event.ActivationLogEvent>
<org.drools.audit.event.ActivationLogEvent>
  <type>5</type>
  <activationId>Wiek [23]</activationId>
  <rule>Wiek</rule>
  <declarations>w=com.sample.DroolsTest$Display@185880b(23)</declarations>
</org.drools.audit.event.ActivationLogEvent>
<org.drools.audit.event.ActivationLogEvent>
  <type>5</type>
  <activationId>Walczy [23]</activationId>
  <rule>Walczy</rule>
  <declarations>w=com.sample.DroolsTest$Display@185880b(23)</declarations>
</org.drools.audit.event.ActivationLogEvent>
<org.drools.audit.event.ActivationLogEvent>
  <type>5</type>
  <activationId>Wszechstronny [23]</activationId>
  <rule>Wszechstronny</rule>
  <declarations>w=com.sample.DroolsTest$Display@185880b(23)</declarations>
</org.drools.audit.event.ActivationLogEvent>
<org.drools.audit.event.ActivationLogEvent>
  <type>5</type>
  <activationId>Uczciwy [23]</activationId>
  <rule>Uczciwy</rule>
  <declarations>w=com.sample.DroolsTest$Display@185880b(23)</declarations>
</org.drools.audit.event.ActivationLogEvent>
<org.drools.audit.event.ActivationLogEvent>
  <type>5</type>
  <activationId>Piekny [23]</activationId>
  <rule>Piekny</rule>
  <declarations>w=com.sample.DroolsTest$Display@185880b(23)</declarations>
</org.drools.audit.event.ActivationLogEvent>
<org.drools.audit.event.ActivationLogEvent>
  <type>5</type>
  <activationId>Hobby [23]</activationId>
  <rule>Hobby</rule>
  <declarations>w=com.sample.DroolsTest$Display@185880b(23)</declarations>
</org.drools.audit.event.ActivationLogEvent>
<org.drools.audit.event.ActivationLogEvent>
  <type>5</type>
  <activationId>Dobry [23]</activationId>
  <rule>Dobry</rule>
  <declarations>w=com.sample.DroolsTest$Display@185880b(23)</declarations>
</org.drools.audit.event.ActivationLogEvent>
<org.drools.audit.event.ActivationLogEvent>
  <type>5</type>
  <activationId>Szybki [23]</activationId>
  <rule>Szybki</rule>
  <declarations>w=com.sample.DroolsTest$Display@185880b(23)</declarations>
</org.drools.audit.event.ActivationLogEvent>
<org.drools.audit.event.ActivationLogEvent>
  <type>5</type>
  <activationId>Wynalazki [23]</activationId>
  <rule>Wynalazki</rule>
  <declarations>w=com.sample.DroolsTest$Display@185880b(23)</declarations>
</org.drools.audit.event.ActivationLogEvent>
<org.drools.audit.event.ActivationLogEvent>
  <type>5</type>
  <activationId>Brak dopasowania, graj magiem [22, 23]</activationId>
  <rule>Brak dopasowania, graj magiem</rule>
  <declarations>w=com.sample.DroolsTest$Display@185880b(23)</declarations>
</org.drools.audit.event.ActivationLogEvent>
<org.drools.audit.event.ActivationLogEvent>
  <type>5</type>
  <activationId>Czego chcesz [23]</activationId>
  <rule>Czego chcesz</rule>
  <declarations>w=com.sample.DroolsTest$Display@185880b(23)</declarations>
</org.drools.audit.event.ActivationLogEvent>
<org.drools.audit.event.ObjectLogEvent>
  <type>3</type>
  <factId>23</factId>
  <objectToString>com.sample.DroolsTest$Display@185880b</objectToString>
</org.drools.audit.event.ObjectLogEvent>
<org.drools.audit.event.ActivationLogEvent>
  <type>7</type>
  <activationId>ZakleciaDwa [22, -1]</activationId>
  <rule>ZakleciaDwa</rule>
  <declarations></declarations>
</org.drools.audit.event.ActivationLogEvent>
<org.drools.audit.event.ObjectLogEvent>
  <type>1</type>
  <factId>26</factId>
  <objectToString>com.sample.DroolsTest$Attribute@18613b3</objectToString>
</org.drools.audit.event.ObjectLogEvent>
<org.drools.audit.event.ActivationLogEvent>
  <type>4</type>
  <activationId>Wielkosc [27]</activationId>
  <rule>Wielkosc</rule>
  <declarations>w=com.sample.DroolsTest$Display@185880b(27)</declarations>
</org.drools.audit.event.ActivationLogEvent>
<org.drools.audit.event.ActivationLogEvent>
  <type>4</type>
  <activationId>Wiek [27]</activationId>
  <rule>Wiek</rule>
  <declarations>w=com.sample.DroolsTest$Display@185880b(27)</declarations>
</org.drools.audit.event.ActivationLogEvent>
<org.drools.audit.event.ActivationLogEvent>
  <type>4</type>
  <activationId>Walczy [27]</activationId>
  <rule>Walczy</rule>
  <declarations>w=com.sample.DroolsTest$Display@185880b(27)</declarations>
</org.drools.audit.event.ActivationLogEvent>
<org.drools.audit.event.ActivationLogEvent>
  <type>4</type>
  <activationId>Wszechstronny [27]</activationId>
  <rule>Wszechstronny</rule>
  <declarations>w=com.sample.DroolsTest$Display@185880b(27)</declarations>
</org.drools.audit.event.ActivationLogEvent>
<org.drools.audit.event.ActivationLogEvent>
  <type>4</type>
  <activationId>Uczciwy [27]</activationId>
  <rule>Uczciwy</rule>
  <declarations>w=com.sample.DroolsTest$Display@185880b(27)</declarations>
</org.drools.audit.event.ActivationLogEvent>
<org.drools.audit.event.ActivationLogEvent>
  <type>4</type>
  <activationId>Piekny [27]</activationId>
  <rule>Piekny</rule>
  <declarations>w=com.sample.DroolsTest$Display@185880b(27)</declarations>
</org.drools.audit.event.ActivationLogEvent>
<org.drools.audit.event.ActivationLogEvent>
  <type>4</type>
  <activationId>Hobby [27]</activationId>
  <rule>Hobby</rule>
  <declarations>w=com.sample.DroolsTest$Display@185880b(27)</declarations>
</org.drools.audit.event.ActivationLogEvent>
<org.drools.audit.event.ActivationLogEvent>
  <type>4</type>
  <activationId>Dobry [27]</activationId>
  <rule>Dobry</rule>
  <declarations>w=com.sample.DroolsTest$Display@185880b(27)</declarations>
</org.drools.audit.event.ActivationLogEvent>
<org.drools.audit.event.ActivationLogEvent>
  <type>4</type>
  <activationId>Szybki [27]</activationId>
  <rule>Szybki</rule>
  <declarations>w=com.sample.DroolsTest$Display@185880b(27)</declarations>
</org.drools.audit.event.ActivationLogEvent>
<org.drools.audit.event.ActivationLogEvent>
  <type>4</type>
  <activationId>Wynalazki [27]</activationId>
  <rule>Wynalazki</rule>
  <declarations>w=com.sample.DroolsTest$Display@185880b(27)</declarations>
</org.drools.audit.event.ActivationLogEvent>
<org.drools.audit.event.ActivationLogEvent>
  <type>4</type>
  <activationId>Szaman [26, 27]</activationId>
  <rule>Szaman</rule>
  <declarations>w=com.sample.DroolsTest$Display@185880b(27)</declarations>
</org.drools.audit.event.ActivationLogEvent>
<org.drools.audit.event.ActivationLogEvent>
  <type>4</type>
  <activationId>Brak dopasowania, graj magiem [22, 27]</activationId>
  <rule>Brak dopasowania, graj magiem</rule>
  <declarations>w=com.sample.DroolsTest$Display@185880b(27)</declarations>
</org.drools.audit.event.ActivationLogEvent>
<org.drools.audit.event.ActivationLogEvent>
  <type>4</type>
  <activationId>Brak dopasowania, graj magiem [26, 27]</activationId>
  <rule>Brak dopasowania, graj magiem</rule>
  <declarations>w=com.sample.DroolsTest$Display@185880b(27)</declarations>
</org.drools.audit.event.ActivationLogEvent>
<org.drools.audit.event.ActivationLogEvent>
  <type>4</type>
  <activationId>Czego chcesz [27]</activationId>
  <rule>Czego chcesz</rule>
  <declarations>w=com.sample.DroolsTest$Display@185880b(27)</declarations>
</org.drools.audit.event.ActivationLogEvent>
<org.drools.audit.event.ObjectLogEvent>
  <type>1</type>
  <factId>27</factId>
  <objectToString>com.sample.DroolsTest$Display@185880b</objectToString>
</org.drools.audit.event.ObjectLogEvent>
<org.drools.audit.event.ActivationLogEvent>
  <type>6</type>
  <activationId>Szaman [26, 27]</activationId>
  <rule>Szaman</rule>
  <declarations>w=com.sample.DroolsTest$Display@185880b(27)</declarations>
</org.drools.audit.event.ActivationLogEvent>
<org.drools.audit.event.ActivationLogEvent>
  <type>5</type>
  <activationId>Wielkosc [27]</activationId>
  <rule>Wielkosc</rule>
  <declarations>w=com.sample.DroolsTest$Display@185880b(27)</declarations>
</org.drools.audit.event.ActivationLogEvent>
<org.drools.audit.event.ActivationLogEvent>
  <type>5</type>
  <activationId>Wiek [27]</activationId>
  <rule>Wiek</rule>
  <declarations>w=com.sample.DroolsTest$Display@185880b(27)</declarations>
</org.drools.audit.event.ActivationLogEvent>
<org.drools.audit.event.ActivationLogEvent>
  <type>5</type>
  <activationId>Walczy [27]</activationId>
  <rule>Walczy</rule>
  <declarations>w=com.sample.DroolsTest$Display@185880b(27)</declarations>
</org.drools.audit.event.ActivationLogEvent>
<org.drools.audit.event.ActivationLogEvent>
  <type>5</type>
  <activationId>Wszechstronny [27]</activationId>
  <rule>Wszechstronny</rule>
  <declarations>w=com.sample.DroolsTest$Display@185880b(27)</declarations>
</org.drools.audit.event.ActivationLogEvent>
<org.drools.audit.event.ActivationLogEvent>
  <type>5</type>
  <activationId>Uczciwy [27]</activationId>
  <rule>Uczciwy</rule>
  <declarations>w=com.sample.DroolsTest$Display@185880b(27)</declarations>
</org.drools.audit.event.ActivationLogEvent>
<org.drools.audit.event.ActivationLogEvent>
  <type>5</type>
  <activationId>Piekny [27]</activationId>
  <rule>Piekny</rule>
  <declarations>w=com.sample.DroolsTest$Display@185880b(27)</declarations>
</org.drools.audit.event.ActivationLogEvent>
<org.drools.audit.event.ActivationLogEvent>
  <type>5</type>
  <activationId>Hobby [27]</activationId>
  <rule>Hobby</rule>
  <declarations>w=com.sample.DroolsTest$Display@185880b(27)</declarations>
</org.drools.audit.event.ActivationLogEvent>
<org.drools.audit.event.ActivationLogEvent>
  <type>5</type>
  <activationId>Dobry [27]</activationId>
  <rule>Dobry</rule>
  <declarations>w=com.sample.DroolsTest$Display@185880b(27)</declarations>
</org.drools.audit.event.ActivationLogEvent>
<org.drools.audit.event.ActivationLogEvent>
  <type>5</type>
  <activationId>Szybki [27]</activationId>
  <rule>Szybki</rule>
  <declarations>w=com.sample.DroolsTest$Display@185880b(27)</declarations>
</org.drools.audit.event.ActivationLogEvent>
<org.drools.audit.event.ActivationLogEvent>
  <type>5</type>
  <activationId>Wynalazki [27]</activationId>
  <rule>Wynalazki</rule>
  <declarations>w=com.sample.DroolsTest$Display@185880b(27)</declarations>
</org.drools.audit.event.ActivationLogEvent>
<org.drools.audit.event.ActivationLogEvent>
  <type>5</type>
  <activationId>Brak dopasowania, graj magiem [22, 27]</activationId>
  <rule>Brak dopasowania, graj magiem</rule>
  <declarations>w=com.sample.DroolsTest$Display@185880b(27)</declarations>
</org.drools.audit.event.ActivationLogEvent>
<org.drools.audit.event.ActivationLogEvent>
  <type>5</type>
  <activationId>Brak dopasowania, graj magiem [26, 27]</activationId>
  <rule>Brak dopasowania, graj magiem</rule>
  <declarations>w=com.sample.DroolsTest$Display@185880b(27)</declarations>
</org.drools.audit.event.ActivationLogEvent>
<org.drools.audit.event.ActivationLogEvent>
  <type>5</type>
  <activationId>Czego chcesz [27]</activationId>
  <rule>Czego chcesz</rule>
  <declarations>w=com.sample.DroolsTest$Display@185880b(27)</declarations>
</org.drools.audit.event.ActivationLogEvent>
<org.drools.audit.event.ObjectLogEvent>
  <type>3</type>
  <factId>27</factId>
  <objectToString>com.sample.DroolsTest$Display@185880b</objectToString>
</org.drools.audit.event.ObjectLogEvent>
<org.drools.audit.event.ActivationLogEvent>
  <type>7</type>
  <activationId>Szaman [26, -1]</activationId>
  <rule>Szaman</rule>
  <declarations></declarations>
</org.drools.audit.event.ActivationLogEvent>
</object-stream>
